[0.007s] Invoking command in '/home/sushant/ros_ws/build/robotic-arm-urdf-min': /usr/bin/cmake /home/sushant/ros_ws/src/robotic-arm-urdf-min -DCMAKE_INSTALL_PREFIX=/home/sushant/ros_ws/install/robotic-arm-urdf-min
[0.176s] -- The C compiler identification is GNU 11.4.0
[0.354s] -- The CXX compiler identification is GNU 11.4.0
[0.366s] -- Detecting C compiler ABI info
[0.429s] -- Detecting C compiler ABI info - done
[0.436s] -- Check for working C compiler: /usr/bin/cc - skipped
[0.437s] -- Detecting C compile features
[0.438s] -- Detecting C compile features - done
[0.441s] -- Detecting CXX compiler ABI info
[0.508s] -- Detecting CXX compiler ABI info - done
[0.515s] -- Check for working CXX compiler: /usr/bin/c++ - skipped
[0.515s] -- Detecting CXX compile features
[0.515s] -- Detecting CXX compile features - done
[0.519s] -- Found ament_cmake: 1.3.12 (/opt/ros/humble/share/ament_cmake/cmake)
[0.656s] -- Found Python3: /usr/bin/python3 (found version "3.10.12") found components: Interpreter 
[0.759s] [31mCMake Error at CMakeLists.txt:6 (install):
[0.760s]   install DIRECTORY given no DESTINATION!
[0.760s] 
[0.760s] [0m
[0.804s] Error parsing '/home/sushant/ros_ws/src/robotic-arm-urdf-min/package.xml':
[0.846s] Traceback (most recent call last):
[0.846s]   File "/usr/lib/python3/dist-packages/catkin_pkg/package.py", line 610, in parse_package_string
[0.847s]     root = dom.parseString(data)
[0.847s]   File "/usr/lib/python3.10/xml/dom/minidom.py", line 2000, in parseString
[0.848s]     return expatbuilder.parseString(string)
[0.848s]   File "/usr/lib/python3.10/xml/dom/expatbuilder.py", line 925, in parseString
[0.849s]     return builder.parseString(string)
[0.849s]   File "/usr/lib/python3.10/xml/dom/expatbuilder.py", line 223, in parseString
[0.849s]     parser.Parse(string, True)
[0.849s] xml.parsers.expat.ExpatError: not well-formed (invalid token): line 1, column 2
[0.849s] 
[0.849s] During handling of the above exception, another exception occurred:
[0.850s] 
[0.850s] Traceback (most recent call last):
[0.850s]   File "/opt/ros/humble/share/ament_cmake_core/cmake/core/package_xml_2_cmake.py", line 150, in <module>
[0.850s]     main()
[0.850s]   File "/opt/ros/humble/share/ament_cmake_core/cmake/core/package_xml_2_cmake.py", line 53, in main
[0.850s]     raise e
[0.850s]   File "/opt/ros/humble/share/ament_cmake_core/cmake/core/package_xml_2_cmake.py", line 49, in main
[0.850s]     package = parse_package_string(
[0.850s]   File "/usr/lib/python3/dist-packages/catkin_pkg/package.py", line 612, in parse_package_string
[0.850s]     raise InvalidPackage('The manifest contains invalid XML:\n%s' % ex, filename)
[0.850s] catkin_pkg.package.InvalidPackage: Error(s) in package '/home/sushant/ros_ws/src/robotic-arm-urdf-min/package.xml':
[0.850s] The manifest contains invalid XML:
[0.850s] not well-formed (invalid token): line 1, column 2
[0.865s] [31mCMake Error at /opt/ros/humble/share/ament_cmake_core/cmake/core/ament_package_xml.cmake:95 (message):
[0.865s]   execute_process(/usr/bin/python3
[0.865s]   /opt/ros/humble/share/ament_cmake_core/cmake/core/package_xml_2_cmake.py
[0.865s]   /home/sushant/ros_ws/src/robotic-arm-urdf-min/package.xml
[0.865s]   /home/sushant/ros_ws/build/robotic-arm-urdf-min/ament_cmake_core/package.cmake)
[0.865s]   returned error code 1
[0.866s] Call Stack (most recent call first):
[0.866s]   /opt/ros/humble/share/ament_cmake_core/cmake/core/ament_package_xml.cmake:49 (_ament_package_xml)
[0.866s]   /opt/ros/humble/share/ament_cmake_core/cmake/core/ament_package.cmake:63 (ament_package_xml)
[0.866s]   CMakeLists.txt:13 (ament_package)
[0.866s] 
[0.866s] [0m
[0.866s] -- Configuring incomplete, errors occurred!
[0.866s] See also "/home/sushant/ros_ws/build/robotic-arm-urdf-min/CMakeFiles/CMakeOutput.log".
[0.869s] Invoked command in '/home/sushant/ros_ws/build/robotic-arm-urdf-min' returned '1': /usr/bin/cmake /home/sushant/ros_ws/src/robotic-arm-urdf-min -DCMAKE_INSTALL_PREFIX=/home/sushant/ros_ws/install/robotic-arm-urdf-min
